[0;32m[INFO][0m 2026-02-07 02:20:30 - 状态文件已初始化
[0;32m[INFO][0m 2026-02-07 02:20:30 - 状态文件已初始化
[0;32m[INFO][0m 2026-02-07 02:20:30 - PIOS 项目初始化完成
[1;33m[WARN][0m 2026-02-07 02:20:30 - jq 未安装，状态更新可能不完整
[1;33m[WARN][0m 2026-02-07 02:20:30 - jq 未安装，状态更新可能不完整
[0;32m[INFO][0m 2026-02-07 02:20:30 - PIOS 自主工作系统已启动
[0;34m[SECTION][0m 2026-02-07 02:20:30 - 当前项目状态

========================================
当前项目状态
========================================

[0;32m[INFO][0m 2026-02-07 02:20:44 - 任务完成: task_1_1_directory_structure
[0;32m[INFO][0m 2026-02-07 02:27:12 - 任务完成: task_1_2_backend_setup
[0;32m[INFO][0m 2026-02-07 02:32:11 - 任务完成: task_1_3_frontend_setup
[0;32m[INFO][0m 2026-02-07 02:33:11 - 任务完成: task_2_1_database_entities
[0;32m[INFO][0m 2026-02-07 02:33:52 - 任务完成: task_2_2_to_2_7_backend_core
[0;32m[INFO][0m 2026-02-07 02:34:29 - 任务完成: task_3_frontend_api_integration
[0;32m[INFO][0m 2026-02-07 02:36:17 - 任务完成: task_4_integration_testing
[0;32m[INFO][0m 2026-02-07 02:36:57 - 任务完成: task_5_deployment_config
[0;34m[SECTION][0m 2026-02-07 02:37:00 - 当前项目状态

========================================
当前项目状态
========================================

